PS C:\Users\User_name> mkdir git_challenge

PS C:\Users\User_name> cd git_challenge

PS C:\Users\User_name\git_challenge> git init
Initialized empty Git repository in C:/Users/User_name/git_challenge/.git/

PS C:\Users\User_name\git_challenge> echo "Hello, world!" >> hello_world.txt

PS C:\Users\User_name\git_challenge> git add hello_world.txt

PS C:\Users\User_name\git_challenge> git commit -m "hello_world.txtを追加"
[main (root-commit) 6fa74f2] hello_world.txtを追加
 1 file changed, 1 insertion(+)
 create mode 100644 hello_world.txt

PS C:\Users\User_name\git_challenge> echo "こんにちわ、世界！" >> hello_world.txt

PS C:\Users\User_name\git_challenge> git add hello_world.txt

PS C:\Users\User_name\git_challenge> git commit -m "日本語訳を追記"
[main ce240e5] 日本語訳を追記
 1 file changed, 0 insertions(+), 0 deletions(-)

PS C:\Users\User_name\git_challenge> git log --oneline
ce240e5 (HEAD -> main) 日本語訳を追記
5ea4aa6 hello_world.txtを追加
PS C:\Users\User_name\git_challenge> 
